2025-10-07T13:16:03+00:00 DEBUG #1367 - [New Request] POST /wp-json/wc-admin/onboarding/profile/progress/core-profiler/complete
2025-10-07T13:16:03+00:00 DEBUG #3789 - [New Request] POST /wp-json/wc-admin/onboarding/profile
2025-10-07T13:16:03+00:00 DEBUG #1367 - GET https://api.woocommerce.com/integrations/ppc/v1/notifications/webhooks
Response: Array
(
    [code] => 404
    [message] => Not Found
)

Response Body: {"statusCode":404,"error":"Not Found","message":"Not Found"}

2025-10-07T13:16:03+00:00 DEBUG #3789 - GET https://api.woocommerce.com/integrations/ppc/v1/notifications/webhooks
Response: Array
(
    [code] => 404
    [message] => Not Found
)

Response Body: {"statusCode":404,"error":"Not Found","message":"Not Found"}

2025-10-07T13:16:03+00:00 ERROR #1367 - Failed to delete webhooks: [Error] Not Found
2025-10-07T13:16:03+00:00 ERROR #3789 - Failed to delete webhooks: [Error] Not Found
2025-10-07T13:16:03+00:00 INFO #3789 - Webhooks deleted.
2025-10-07T13:16:04+00:00 DEBUG #1367 - POST https://api.woocommerce.com/integrations/ppc/v1/notifications/webhooks
Request Body: {"url":"https:\/\/cli.local\/wp-json\/paypal\/v1\/incoming","event_types":[{"name":"CHECKOUT.ORDER.APPROVED"},{"name":"CHECKOUT.ORDER.COMPLETED"},{"name":"CHECKOUT.PAYMENT-APPROVAL.REVERSED"},{"name":"PAYMENT.CAPTURE.REFUNDED"},{"name":"PAYMENT.AUTHORIZATION.VOIDED"},{"name":"PAYMENT.CAPTURE.REVERSED"},{"name":"PAYMENT.ORDER.CANCELLED"},{"name":"PAYMENT.CAPTURE.DENIED"},{"name":"PAYMENT.CAPTURE.COMPLETED"},{"name":"VAULT.PAYMENT-TOKEN.CREATED"},{"name":"VAULT.PAYMENT-TOKEN.DELETED"},{"name":"PAYMENT.CAPTURE.PENDING"},{"name":"PAYMENT.SALE.COMPLETED"},{"name":"PAYMENT.SALE.REFUNDED"},{"name":"BILLING.SUBSCRIPTION.CANCELLED"},{"name":"BILLING.PLAN.PRICING-CHANGE.ACTIVATED"},{"name":"CATALOG.PRODUCT.UPDATED"},{"name":"BILLING.PLAN.UPDATED"}]}
Response: Array
(
    [code] => 404
    [message] => Not Found
)

Response Body: {"statusCode":404,"error":"Not Found","message":"Not Found"}

2025-10-07T13:16:04+00:00 ERROR #1367 - Failed to subscribe webhooks: [Error] Not Found
2025-10-07T13:16:04+00:00 DEBUG #3789 - POST https://api.woocommerce.com/integrations/ppc/v1/notifications/webhooks
Request Body: {"url":"https:\/\/cli.local\/wp-json\/paypal\/v1\/incoming","event_types":[{"name":"CHECKOUT.ORDER.APPROVED"},{"name":"CHECKOUT.ORDER.COMPLETED"},{"name":"CHECKOUT.PAYMENT-APPROVAL.REVERSED"},{"name":"PAYMENT.CAPTURE.REFUNDED"},{"name":"PAYMENT.AUTHORIZATION.VOIDED"},{"name":"PAYMENT.CAPTURE.REVERSED"},{"name":"PAYMENT.ORDER.CANCELLED"},{"name":"PAYMENT.CAPTURE.DENIED"},{"name":"PAYMENT.CAPTURE.COMPLETED"},{"name":"VAULT.PAYMENT-TOKEN.CREATED"},{"name":"VAULT.PAYMENT-TOKEN.DELETED"},{"name":"PAYMENT.CAPTURE.PENDING"},{"name":"PAYMENT.SALE.COMPLETED"},{"name":"PAYMENT.SALE.REFUNDED"},{"name":"BILLING.SUBSCRIPTION.CANCELLED"},{"name":"BILLING.PLAN.PRICING-CHANGE.ACTIVATED"},{"name":"CATALOG.PRODUCT.UPDATED"},{"name":"BILLING.PLAN.UPDATED"}]}
Response: Array
(
    [code] => 404
    [message] => Not Found
)

Response Body: {"statusCode":404,"error":"Not Found","message":"Not Found"}

2025-10-07T13:16:04+00:00 ERROR #3789 - Failed to subscribe webhooks: [Error] Not Found
2025-10-07T13:23:22+00:00 DEBUG #6964 - [New Request] GET /wp-admin/plugins.php
2025-10-07T13:23:22+00:00 DEBUG #6964 - GET https://api.woocommerce.com/integrations/ppc/v1/notifications/webhooks
Request failed. WP error message: cURL error 6: Could not resolve host: api.woocommerce.com

2025-10-07T13:23:22+00:00 ERROR #6964 - Failed to delete webhooks: Not able to load webhooks list.
2025-10-07T13:23:22+00:00 INFO #6964 - Webhooks deleted.
